[debug] [2026-07-30T08:39:00.206Z] ----------------------------------------------------------------------
[debug] [2026-07-30T08:39:00.213Z] Command:       C:\Program Files\nodejs\.msi\node.exe C:\Users\Dell\AppData\Roaming\npm\node_modules\firebase-tools\lib\bin\firebase.js init hosting
[debug] [2026-07-30T08:39:00.214Z] CLI Version:   15.25.0
[debug] [2026-07-30T08:39:00.215Z] Platform:      win32
[debug] [2026-07-30T08:39:00.216Z] Node Version:  v22.23.1
[debug] [2026-07-30T08:39:00.217Z] Detected Agent: unknown
[debug] [2026-07-30T08:39:00.217Z] Time:          Thu Jul 30 2026 14:09:00 GMT+0530 (India Standard Time)
[debug] [2026-07-30T08:39:00.217Z] ----------------------------------------------------------------------
[debug] 
[info] 
     ######## #### ########  ######## ########     ###     ######  ########
     ##        ##  ##     ## ##       ##     ##  ##   ##  ##       ##
     ######    ##  ########  ######   ########  #########  ######  ######
     ##        ##  ##    ##  ##       ##     ## ##     ##       ## ##
     ##       #### ##     ## ######## ########  ##     ##  ######  ########

You're about to initialize a Firebase project in this directory:

  C:\Users\Dell\Downloads\Glossway APP

[info] 
=== Project Setup
[info] 
[info] First, let's associate this project directory with a Firebase project.
[info] You can create multiple project aliases by running firebase use --add, 
[info] 
[debug] [2026-07-30T08:39:21.727Z] > command requires scopes: ["email","openid","https://www.googleapis.com/auth/cloudplatformprojects.readonly","https://www.googleapis.com/auth/firebase","https://www.googleapis.com/auth/cloud-platform"]
[debug] [2026-07-30T08:39:21.730Z] > authorizing via signed-in user (aishwaryakumar020406@gmail.com)
[debug] [2026-07-30T08:39:21.877Z] Checked if tokens are valid: true, expires at: 1785403569452
[debug] [2026-07-30T08:39:21.878Z] Checked if tokens are valid: true, expires at: 1785403569452
[debug] [2026-07-30T08:39:21.889Z] >>> [apiv2][query] GET https://firebase.googleapis.com/v1beta1/projects/glossway-020406 [none]
[debug] [2026-07-30T08:39:22.911Z] <<< [apiv2][status] GET https://firebase.googleapis.com/v1beta1/projects/glossway-020406 200
[debug] [2026-07-30T08:39:22.913Z] <<< [apiv2][body] GET https://firebase.googleapis.com/v1beta1/projects/glossway-020406 {"projectId":"glossway-020406","projectNumber":"942282126406","displayName":"Glossway","name":"projects/glossway-020406","resources":{"hostingSite":"glossway-020406"},"state":"ACTIVE","labels":{"firebase":"enabled"},"etag":"1_c86218bd-0797-49fa-b882-735f1e124acc"}
[info] i  Using project glossway-020406 (Glossway) . 
[info] 
=== Hosting Setup
[debug] [2026-07-30T08:40:19.981Z] Checked if tokens are valid: true, expires at: 1785403569452
[debug] [2026-07-30T08:40:19.981Z] Checked if tokens are valid: true, expires at: 1785403569452
[debug] [2026-07-30T08:40:19.982Z] >>> [apiv2][query] GET https://firebase.googleapis.com/v1beta1/projects/glossway-020406 [none]
[debug] [2026-07-30T08:40:20.787Z] <<< [apiv2][status] GET https://firebase.googleapis.com/v1beta1/projects/glossway-020406 200
[debug] [2026-07-30T08:40:20.787Z] <<< [apiv2][body] GET https://firebase.googleapis.com/v1beta1/projects/glossway-020406 {"projectId":"glossway-020406","projectNumber":"942282126406","displayName":"Glossway","name":"projects/glossway-020406","resources":{"hostingSite":"glossway-020406"},"state":"ACTIVE","labels":{"firebase":"enabled"},"etag":"1_c86218bd-0797-49fa-b882-735f1e124acc"}
[info] 
[info] Your public directory is the folder (relative to your project directory) that
[info] will contain Hosting assets to be uploaded with firebase deploy. If you
[info] have a build process for your assets, use your build's output directory.
[info] 
[info] 
[info] i  Didn't detect a .git folder. Assuming C:\Users\Dell\Downloads\Glossway APP is the project root. 
[info] i  Authorizing with GitHub to upload your service account to a GitHub repository's secrets store. 
[info] 
[info] Visit this URL on this device to log in:
[info] https://github.com/login/oauth/authorize?client_id=89cf50f02ac6aaed3484&state=161336584&redirect_uri=http%3A%2F%2Flocalhost%3A9005&scope=read%3Auser%20repo%20public_repo
[info] 
[info] Waiting for authentication...
[debug] [2026-07-30T08:40:38.649Z] >>> [apiv2][query] POST https://github.com/login/oauth/access_token [none]
[debug] [2026-07-30T08:40:38.650Z] >>> [apiv2][body] POST https://github.com/login/oauth/access_token [stream]
[debug] [2026-07-30T08:40:39.826Z] <<< [apiv2][status] POST https://github.com/login/oauth/access_token 200
[debug] [2026-07-30T08:40:39.826Z] <<< [apiv2][body] POST https://github.com/login/oauth/access_token {"access_token":"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","token_type":"bearer","scope":"read:user,repo"}
[debug] [2026-07-30T08:40:39.870Z] >>> [apiv2][query] GET https://api.github.com/user [none]
[debug] [2026-07-30T08:40:40.933Z] <<< [apiv2][status] GET https://api.github.com/user 200
[debug] [2026-07-30T08:40:40.933Z] <<< [apiv2][body] GET https://api.github.com/user {"login":"aishwaryaS02-glitch","id":263708675,"node_id":"U_kgDOD7fgAw","avatar_url":"https://avatars.githubusercontent.com/u/263708675?v=4","gravatar_id":"","url":"https://api.github.com/users/aishwaryaS02-glitch","html_url":"https://github.com/aishwaryaS02-glitch","followers_url":"https://api.github.com/users/aishwaryaS02-glitch/followers","following_url":"https://api.github.com/users/aishwaryaS02-glitch/following{/other_user}","gists_url":"https://api.github.com/users/aishwaryaS02-glitch/gists{/gist_id}","starred_url":"https://api.github.com/users/aishwaryaS02-glitch/starred{/owner}{/repo}","subscriptions_url":"https://api.github.com/users/aishwaryaS02-glitch/subscriptions","organizations_url":"https://api.github.com/users/aishwaryaS02-glitch/orgs","repos_url":"https://api.github.com/users/aishwaryaS02-glitch/repos","events_url":"https://api.github.com/users/aishwaryaS02-glitch/events{/privacy}","received_events_url":"https://api.github.com/users/aishwaryaS02-glitch/received_events","type":"User","user_view_type":"private","site_admin":false,"name":null,"company":null,"blog":"","location":null,"email":null,"hireable":null,"bio":null,"twitter_username":null,"notification_email":null,"public_repos":2,"public_gists":0,"followers":0,"following":0,"created_at":"2026-02-24T16:42:25Z","updated_at":"2026-02-24T16:42:25Z","private_gists":0,"total_private_repos":2,"owned_private_repos":2,"disk_usage":7,"collaborators":0,"two_factor_authentication":false,"plan":{"name":"free","space":976562499,"collaborators":0,"private_repos":10000}}
[info] 
[info] +  Success! Logged into GitHub as aishwaryaS02-glitch 
[info] 
[debug] [2026-07-30T08:43:06.754Z] >>> [apiv2][query] GET https://api.github.com/repos/https://github.com/aishwaryaS02-glitch/Glossway/actions/secrets/public-key type=owner
[debug] [2026-07-30T08:43:07.294Z] <<< [apiv2][status] GET https://api.github.com/repos/https://github.com/aishwaryaS02-glitch/Glossway/actions/secrets/public-key 404
[debug] [2026-07-30T08:43:07.295Z] <<< [apiv2][body] GET https://api.github.com/repos/https://github.com/aishwaryaS02-glitch/Glossway/actions/secrets/public-key {"message":"Not Found","documentation_url":"https://docs.github.com/rest","status":"404"}
[info] 
[info] 
[error] !  The provided authorization cannot be used with this repository. If this repository is in an organization, did you remember to grant access? 
[info] 
[info] i  Action required: Visit this URL to ensure access has been granted to the appropriate organization(s) for the Firebase CLI GitHub OAuth App: 
[info] https://github.com/settings/connections/applications/89cf50f02ac6aaed3484
[info] 
